Archive member included to satisfy reference by file (symbol)

/usr/lib/gcc/arm-none-eabi/14.1.0/../../../../arm-none-eabi/lib/thumb/v6-m/nofp/libc_nano.a(libc_a-atexit.o)
                              /usr/lib/gcc/arm-none-eabi/14.1.0/../../../../arm-none-eabi/lib/thumb/v6-m/nofp/crt0.o (atexit)
/usr/lib/gcc/arm-none-eabi/14.1.0/../../../../arm-none-eabi/lib/thumb/v6-m/nofp/libc_nano.a(libc_a-exit.o)
                              /usr/lib/gcc/arm-none-eabi/14.1.0/../../../../arm-none-eabi/lib/thumb/v6-m/nofp/crt0.o (exit)
/usr/lib/gcc/arm-none-eabi/14.1.0/../../../../arm-none-eabi/lib/thumb/v6-m/nofp/libc_nano.a(libc_a-findfp.o)
                              /usr/lib/gcc/arm-none-eabi/14.1.0/../../../../arm-none-eabi/lib/thumb/v6-m/nofp/libc_nano.a(libc_a-exit.o) (__stdio_exit_handler)
/usr/lib/gcc/arm-none-eabi/14.1.0/../../../../arm-none-eabi/lib/thumb/v6-m/nofp/libc_nano.a(libc_a-fwalk.o)
                              /usr/lib/gcc/arm-none-eabi/14.1.0/../../../../arm-none-eabi/lib/thumb/v6-m/nofp/libc_nano.a(libc_a-findfp.o) (_fwalk_sglue)
/usr/lib/gcc/arm-none-eabi/14.1.0/../../../../arm-none-eabi/lib/thumb/v6-m/nofp/libc_nano.a(libc_a-stdio.o)
                              /usr/lib/gcc/arm-none-eabi/14.1.0/../../../../arm-none-eabi/lib/thumb/v6-m/nofp/libc_nano.a(libc_a-findfp.o) (__sread)
/usr/lib/gcc/arm-none-eabi/14.1.0/../../../../arm-none-eabi/lib/thumb/v6-m/nofp/libc_nano.a(libc_a-memset.o)
                              /usr/lib/gcc/arm-none-eabi/14.1.0/../../../../arm-none-eabi/lib/thumb/v6-m/nofp/crt0.o (memset)
/usr/lib/gcc/arm-none-eabi/14.1.0/../../../../arm-none-eabi/lib/thumb/v6-m/nofp/libc_nano.a(libc_a-closer.o)
                              /usr/lib/gcc/arm-none-eabi/14.1.0/../../../../arm-none-eabi/lib/thumb/v6-m/nofp/libc_nano.a(libc_a-stdio.o) (_close_r)
/usr/lib/gcc/arm-none-eabi/14.1.0/../../../../arm-none-eabi/lib/thumb/v6-m/nofp/libc_nano.a(libc_a-reent.o)
                              /usr/lib/gcc/arm-none-eabi/14.1.0/../../../../arm-none-eabi/lib/thumb/v6-m/nofp/libc_nano.a(libc_a-closer.o) (errno)
/usr/lib/gcc/arm-none-eabi/14.1.0/../../../../arm-none-eabi/lib/thumb/v6-m/nofp/libc_nano.a(libc_a-impure.o)
                              /usr/lib/gcc/arm-none-eabi/14.1.0/../../../../arm-none-eabi/lib/thumb/v6-m/nofp/libc_nano.a(libc_a-reent.o) (_impure_ptr)
/usr/lib/gcc/arm-none-eabi/14.1.0/../../../../arm-none-eabi/lib/thumb/v6-m/nofp/libc_nano.a(libc_a-lseekr.o)
                              /usr/lib/gcc/arm-none-eabi/14.1.0/../../../../arm-none-eabi/lib/thumb/v6-m/nofp/libc_nano.a(libc_a-stdio.o) (_lseek_r)
/usr/lib/gcc/arm-none-eabi/14.1.0/../../../../arm-none-eabi/lib/thumb/v6-m/nofp/libc_nano.a(libc_a-readr.o)
                              /usr/lib/gcc/arm-none-eabi/14.1.0/../../../../arm-none-eabi/lib/thumb/v6-m/nofp/libc_nano.a(libc_a-stdio.o) (_read_r)
/usr/lib/gcc/arm-none-eabi/14.1.0/../../../../arm-none-eabi/lib/thumb/v6-m/nofp/libc_nano.a(libc_a-writer.o)
                              /usr/lib/gcc/arm-none-eabi/14.1.0/../../../../arm-none-eabi/lib/thumb/v6-m/nofp/libc_nano.a(libc_a-stdio.o) (_write_r)
/usr/lib/gcc/arm-none-eabi/14.1.0/../../../../arm-none-eabi/lib/thumb/v6-m/nofp/libc_nano.a(libc_a-init.o)
                              /usr/lib/gcc/arm-none-eabi/14.1.0/../../../../arm-none-eabi/lib/thumb/v6-m/nofp/crt0.o (__libc_init_array)
/usr/lib/gcc/arm-none-eabi/14.1.0/../../../../arm-none-eabi/lib/thumb/v6-m/nofp/libc_nano.a(libc_a-fini.o)
                              /usr/lib/gcc/arm-none-eabi/14.1.0/../../../../arm-none-eabi/lib/thumb/v6-m/nofp/crt0.o (__libc_fini_array)
/usr/lib/gcc/arm-none-eabi/14.1.0/../../../../arm-none-eabi/lib/thumb/v6-m/nofp/libc_nano.a(libc_a-lock.o)
                              /usr/lib/gcc/arm-none-eabi/14.1.0/../../../../arm-none-eabi/lib/thumb/v6-m/nofp/libc_nano.a(libc_a-findfp.o) (__retarget_lock_init_recursive)
/usr/lib/gcc/arm-none-eabi/14.1.0/../../../../arm-none-eabi/lib/thumb/v6-m/nofp/libc_nano.a(libc_a-__atexit.o)
                              /usr/lib/gcc/arm-none-eabi/14.1.0/../../../../arm-none-eabi/lib/thumb/v6-m/nofp/libc_nano.a(libc_a-atexit.o) (__register_exitproc)
/usr/lib/gcc/arm-none-eabi/14.1.0/../../../../arm-none-eabi/lib/thumb/v6-m/nofp/libc_nano.a(libc_a-__call_atexit.o)
                              /usr/lib/gcc/arm-none-eabi/14.1.0/../../../../arm-none-eabi/lib/thumb/v6-m/nofp/libc_nano.a(libc_a-__atexit.o) (__call_exitprocs)
/usr/lib/gcc/arm-none-eabi/14.1.0/../../../../arm-none-eabi/lib/thumb/v6-m/nofp/libc_nano.a(libc_a-freer.o)
                              /usr/lib/gcc/arm-none-eabi/14.1.0/../../../../arm-none-eabi/lib/thumb/v6-m/nofp/libc_nano.a(libc_a-reent.o) (_free_r)
/usr/lib/gcc/arm-none-eabi/14.1.0/../../../../arm-none-eabi/lib/thumb/v6-m/nofp/libc_nano.a(libc_a-mallocr.o)
                              /usr/lib/gcc/arm-none-eabi/14.1.0/../../../../arm-none-eabi/lib/thumb/v6-m/nofp/libc_nano.a(libc_a-findfp.o) (_malloc_r)
[...]
Memory Configuration

Name             Origin             Length             Attributes
RAM              0x20000000         0x00002000         xrw
FLASH            0x08000000         0x00010000         xr
*default*        0x00000000         0xffffffff

Linker script and memory map

LOAD /usr/lib/gcc/arm-none-eabi/14.1.0/thumb/v6-m/nofp/crti.o
LOAD /usr/lib/gcc/arm-none-eabi/14.1.0/thumb/v6-m/nofp/crtbegin.o
LOAD /usr/lib/gcc/arm-none-eabi/14.1.0/../../../../arm-none-eabi/lib/thumb/v6-m/nofp/crt0.o
LOAD /usr/lib/gcc/arm-none-eabi/14.1.0/../../../../arm-none-eabi/lib/thumb/v6-m/nofp/libc_nano.a
LOAD /usr/lib/gcc/arm-none-eabi/14.1.0/../../../../arm-none-eabi/lib/thumb/v6-m/nofp/libm.a
LOAD ./Build/User/main.o
LOAD ./Build/User/py32f0xx_hal_msp.o
LOAD ./Build/User/py32f0xx_it.o
LOAD ./Build/Libraries/PY32F0xx_HAL_Driver/Src/py32f0xx_hal.o
LOAD ./Build/Libraries/PY32F0xx_HAL_Driver/Src/py32f0xx_hal_adc.o
LOAD ./Build/Libraries/PY32F0xx_HAL_Driver/Src/py32f0xx_hal_adc_ex.o
LOAD ./Build/Libraries/PY32F0xx_HAL_Driver/Src/py32f0xx_hal_comp.o
LOAD ./Build/Libraries/PY32F0xx_HAL_Driver/Src/py32f0xx_hal_cortex.o
LOAD ./Build/Libraries/PY32F0xx_HAL_Driver/Src/py32f0xx_hal_crc.o
LOAD ./Build/Libraries/PY32F0xx_HAL_Driver/Src/py32f0xx_hal_dma.o
LOAD ./Build/Libraries/PY32F0xx_HAL_Driver/Src/py32f0xx_hal_exti.o
LOAD ./Build/Libraries/PY32F0xx_HAL_Driver/Src/py32f0xx_hal_flash.o
LOAD ./Build/Libraries/PY32F0xx_HAL_Driver/Src/py32f0xx_hal_gpio.o
LOAD ./Build/Libraries/PY32F0xx_HAL_Driver/Src/py32f0xx_hal_i2c.o
LOAD ./Build/Libraries/PY32F0xx_HAL_Driver/Src/py32f0xx_hal_irda.o
LOAD ./Build/Libraries/PY32F0xx_HAL_Driver/Src/py32f0xx_hal_iwdg.o
LOAD ./Build/Libraries/PY32F0xx_HAL_Driver/Src/py32f0xx_hal_led.o
LOAD ./Build/Libraries/PY32F0xx_HAL_Driver/Src/py32f0xx_hal_lptim.o
LOAD ./Build/Libraries/PY32F0xx_HAL_Driver/Src/py32f0xx_hal_pwr.o
LOAD ./Build/Libraries/PY32F0xx_HAL_Driver/Src/py32f0xx_hal_rcc.o
LOAD ./Build/Libraries/PY32F0xx_HAL_Driver/Src/py32f0xx_hal_rcc_ex.o
LOAD ./Build/Libraries/PY32F0xx_HAL_Driver/Src/py32f0xx_hal_rtc.o
LOAD ./Build/Libraries/PY32F0xx_HAL_Driver/Src/py32f0xx_hal_rtc_ex.o
LOAD ./Build/Libraries/PY32F0xx_HAL_Driver/Src/py32f0xx_hal_spi.o
LOAD ./Build/Libraries/PY32F0xx_HAL_Driver/Src/py32f0xx_hal_tim.o
LOAD ./Build/Libraries/PY32F0xx_HAL_Driver/Src/py32f0xx_hal_tim_ex.o
LOAD ./Build/Libraries/PY32F0xx_HAL_Driver/Src/py32f0xx_hal_uart.o
LOAD ./Build/Libraries/PY32F0xx_HAL_Driver/Src/py32f0xx_hal_usart.o
LOAD ./Build/Libraries/PY32F0xx_HAL_Driver/Src/py32f0xx_hal_wwdg.o
LOAD ./Build/Libraries/PY32F0xx_HAL_BSP/Src/py32f0xx_bsp_clock.o
LOAD ./Build/Libraries/PY32F0xx_HAL_BSP/Src/py32f0xx_bsp_led.o
LOAD ./Build/Libraries/PY32F0xx_HAL_BSP/Src/py32f0xx_bsp_printf.o
LOAD ./Build/Libraries/CMSIS/Device/PY32F0xx/Source/system_py32f0xx.o
LOAD ./Build/Libraries/CMSIS/Device/PY32F0xx/Source/gcc/startup_py32f030.o
START GROUP
LOAD /usr/lib/gcc/arm-none-eabi/14.1.0/thumb/v6-m/nofp/libgcc.a
LOAD /usr/lib/gcc/arm-none-eabi/14.1.0/../../../../arm-none-eabi/lib/thumb/v6-m/nofp/libc_nano.a
END GROUP
START GROUP
LOAD /usr/lib/gcc/arm-none-eabi/14.1.0/thumb/v6-m/nofp/libgcc.a
LOAD /usr/lib/gcc/arm-none-eabi/14.1.0/../../../../arm-none-eabi/lib/thumb/v6-m/nofp/libc_nano.a
LOAD /usr/lib/gcc/arm-none-eabi/14.1.0/../../../../arm-none-eabi/lib/thumb/v6-m/nofp/libnosys.a
END GROUP
START GROUP
LOAD /usr/lib/gcc/arm-none-eabi/14.1.0/thumb/v6-m/nofp/libgcc.a
LOAD /usr/lib/gcc/arm-none-eabi/14.1.0/../../../../arm-none-eabi/lib/thumb/v6-m/nofp/libc_nano.a
LOAD /usr/lib/gcc/arm-none-eabi/14.1.0/../../../../arm-none-eabi/lib/thumb/v6-m/nofp/libnosys.a
END GROUP
LOAD /usr/lib/gcc/arm-none-eabi/14.1.0/thumb/v6-m/nofp/crtend.o
LOAD /usr/lib/gcc/arm-none-eabi/14.1.0/thumb/v6-m/nofp/crtn.o
                0x20002000                        _estack = (ORIGIN (RAM) + LENGTH (RAM))
                0x00000200                        _Min_Heap_Size = 0x200
                0x00000400                        _Min_Stack_Size = 0x400

.ram_vector     0x20000000       0xc0
 *(.ram_vector)
 .ram_vector    0x20000000       0xc0 ./Build/Libraries/CMSIS/Device/PY32F0xx/Source/system_py32f0xx.o

.isr_vector     0x08000000       0xc0
                0x08000000                        . = ALIGN (0x4)
 *(.isr_vector)
 .isr_vector    0x08000000       0xc0 ./Build/Libraries/CMSIS/Device/PY32F0xx/Source/gcc/startup_py32f030.o
                0x08000000                g_pfnVectors
                0x080000c0                        . = ALIGN (0x4)

.text           0x080000c0      0x7c4
                0x080000c0                        . = ALIGN (0x4)
 *(.text)
 .text          0x080000c0       0x8c /usr/lib/gcc/arm-none-eabi/14.1.0/thumb/v6-m/nofp/libgcc.a(_udivsi3.o)
                0x080000c0                __udivsi3
                0x080000c0                __aeabi_uidiv
                0x08000138                __aeabi_uidivmod
 .text          0x0800014c        0x4 /usr/lib/gcc/arm-none-eabi/14.1.0/thumb/v6-m/nofp/libgcc.a(_dvmd_tls.o)
                0x0800014c                __aeabi_ldiv0
                0x0800014c                __aeabi_idiv0
 *(.text*)
 .text.__do_global_dtors_aux
                0x08000150       0x28 /usr/lib/gcc/arm-none-eabi/14.1.0/thumb/v6-m/nofp/crtbegin.o
 .text.frame_dummy
                0x08000178       0x20 /usr/lib/gcc/arm-none-eabi/14.1.0/thumb/v6-m/nofp/crtbegin.o
 .text.__libc_init_array
                0x08000198       0x48 /usr/lib/gcc/arm-none-eabi/14.1.0/../../../../arm-none-eabi/lib/thumb/v6-m/nofp/libc_nano.a(libc_a-init.o)
                0x08000198                __libc_init_array
 .text.APP_LedConfig
                0x080001e0       0x34 ./Build/User/main.o
 .text.main     0x08000214       0x24 ./Build/User/main.o
                0x08000214                main
 .text.HAL_MspInit
                0x08000238        0x2 ./Build/User/py32f0xx_hal_msp.o
                0x08000238                HAL_MspInit
 .text.NMI_Handler
                0x0800023a        0x2 ./Build/User/py32f0xx_it.o
                0x0800023a                NMI_Handler
 .text.HardFault_Handler
                0x0800023c        0x2 ./Build/User/py32f0xx_it.o
                0x0800023c                HardFault_Handler
 .text.SVC_Handler
                0x0800023e        0x2 ./Build/User/py32f0xx_it.o
                0x0800023e                SVC_Handler
 .text.PendSV_Handler
                0x08000240        0x2 ./Build/User/py32f0xx_it.o
                0x08000240                PendSV_Handler
 .text.SysTick_Handler
                0x08000242        0x8 ./Build/User/py32f0xx_it.o
                0x08000242                SysTick_Handler
 *fill*         0x0800024a        0x2 
 .text.HAL_InitTick
                0x0800024c       0x58 ./Build/Libraries/PY32F0xx_HAL_Driver/Src/py32f0xx_hal.o
                0x0800024c                HAL_InitTick
 .text.HAL_Init
                0x080002a4       0x18 ./Build/Libraries/PY32F0xx_HAL_Driver/Src/py32f0xx_hal.o
                0x080002a4                HAL_Init
 .text.HAL_IncTick
                0x080002bc       0x18 ./Build/Libraries/PY32F0xx_HAL_Driver/Src/py32f0xx_hal.o
                0x080002bc                HAL_IncTick
 .text.HAL_GetTick
                0x080002d4        0xc ./Build/Libraries/PY32F0xx_HAL_Driver/Src/py32f0xx_hal.o
                0x080002d4                HAL_GetTick
 .text.HAL_Delay
                0x080002e0       0x24 ./Build/Libraries/PY32F0xx_HAL_Driver/Src/py32f0xx_hal.o
                0x080002e0                HAL_Delay
 .text.__NVIC_SetPriority
                0x08000304       0x60 ./Build/Libraries/PY32F0xx_HAL_Driver/Src/py32f0xx_hal_cortex.o
 .text.SysTick_Config
                0x08000364       0x38 ./Build/Libraries/PY32F0xx_HAL_Driver/Src/py32f0xx_hal_cortex.o
 .text.HAL_NVIC_SetPriority
                0x0800039c        0x8 ./Build/Libraries/PY32F0xx_HAL_Driver/Src/py32f0xx_hal_cortex.o
                0x0800039c                HAL_NVIC_SetPriority
 .text.HAL_NVIC_EnableIRQ
                0x080003a4       0x18 ./Build/Libraries/PY32F0xx_HAL_Driver/Src/py32f0xx_hal_cortex.o
                0x080003a4                HAL_NVIC_EnableIRQ
 .text.HAL_SYSTICK_Config
                0x080003bc        0x8 ./Build/Libraries/PY32F0xx_HAL_Driver/Src/py32f0xx_hal_cortex.o
                0x080003bc                HAL_SYSTICK_Config
 .text.HAL_GPIO_Init
                0x080003c4      0x180 ./Build/Libraries/PY32F0xx_HAL_Driver/Src/py32f0xx_hal_gpio.o
                0x080003c4                HAL_GPIO_Init
 .text.HAL_GPIO_TogglePin
                0x08000544        0xe ./Build/Libraries/PY32F0xx_HAL_Driver/Src/py32f0xx_hal_gpio.o
                0x08000544                HAL_GPIO_TogglePin
 *fill*         0x08000552        0x2 
 .text.HAL_RCC_GetHCLKFreq
                0x08000554        0xc ./Build/Libraries/PY32F0xx_HAL_Driver/Src/py32f0xx_hal_rcc.o
                0x08000554                HAL_RCC_GetHCLKFreq
 .text.HAL_RCC_GetPCLK1Freq
                0x08000560       0x28 ./Build/Libraries/PY32F0xx_HAL_Driver/Src/py32f0xx_hal_rcc.o
                0x08000560                HAL_RCC_GetPCLK1Freq
 .text.UART_AdvFeatureConfig
                0x08000588       0x38 ./Build/Libraries/PY32F0xx_HAL_Driver/Src/py32f0xx_hal_uart.o
 .text.UART_SetConfig
                0x080005c0       0xe8 ./Build/Libraries/PY32F0xx_HAL_Driver/Src/py32f0xx_hal_uart.o
 .text.HAL_UART_MspInit
                0x080006a8        0x2 ./Build/Libraries/PY32F0xx_HAL_Driver/Src/py32f0xx_hal_uart.o
                0x080006a8                HAL_UART_MspInit
 *fill*         0x080006aa        0x2 
 .text.HAL_UART_Init
                0x080006ac       0x7c ./Build/Libraries/PY32F0xx_HAL_Driver/Src/py32f0xx_hal_uart.o
                0x080006ac                HAL_UART_Init
 .text.BSP_USART_Config
                0x08000728       0xa4 ./Build/Libraries/PY32F0xx_HAL_BSP/Src/py32f0xx_bsp_printf.o
                0x08000728                BSP_USART_Config
 .text.SystemInit
                0x080007cc       0x4c ./Build/Libraries/CMSIS/Device/PY32F0xx/Source/system_py32f0xx.o
                0x080007cc                SystemInit
 .text.Reset_Handler
                0x08000818       0x50 ./Build/Libraries/CMSIS/Device/PY32F0xx/Source/gcc/startup_py32f030.o
                0x08000818                Reset_Handler
 .text.Default_Handler
                0x08000868        0x2 ./Build/Libraries/CMSIS/Device/PY32F0xx/Source/gcc/startup_py32f030.o
                0x08000868                TIM1_CC_IRQHandler
                0x08000868                PVD_IRQHandler
                0x08000868                I2C1_IRQHandler
                0x08000868                SPI1_IRQHandler
                0x08000868                EXTI2_3_IRQHandler
                0x08000868                TIM17_IRQHandler
                0x08000868                RTC_IRQHandler
                0x08000868                LED_IRQHandler
                0x08000868                TIM16_IRQHandler
                0x08000868                TIM3_IRQHandler
                0x08000868                EXTI4_15_IRQHandler
                0x08000868                RCC_IRQHandler
                0x08000868                DMA1_Channel1_IRQHandler
                0x08000868                Default_Handler
                0x08000868                TIM14_IRQHandler
                0x08000868                EXTI0_1_IRQHandler
                0x08000868                SPI2_IRQHandler
                0x08000868                WWDG_IRQHandler
                0x08000868                DMA1_Channel2_3_IRQHandler
                0x08000868                ADC_COMP_IRQHandler
                0x08000868                USART2_IRQHandler
                0x08000868                FLASH_IRQHandler
                0x08000868                USART1_IRQHandler
                0x08000868                TIM1_BRK_UP_TRG_COM_IRQHandler
                0x08000868                LPTIM1_IRQHandler
 *(.glue_7)
 .glue_7        0x0800086a        0x0 linker stubs
 *(.glue_7t)
 .glue_7t       0x0800086a        0x0 linker stubs
 *(.eh_frame)
 *fill*         0x0800086a        0x2 
 .eh_frame      0x0800086c        0x0 /usr/lib/gcc/arm-none-eabi/14.1.0/thumb/v6-m/nofp/crtbegin.o
 *(.init)
 .init          0x0800086c        0x4 /usr/lib/gcc/arm-none-eabi/14.1.0/thumb/v6-m/nofp/crti.o
                0x0800086c                _init
 .init          0x08000870        0x8 /usr/lib/gcc/arm-none-eabi/14.1.0/thumb/v6-m/nofp/crtn.o
 *(.fini)
 .fini          0x08000878        0x4 /usr/lib/gcc/arm-none-eabi/14.1.0/thumb/v6-m/nofp/crti.o
                0x08000878                _fini
 .fini          0x0800087c        0x8 /usr/lib/gcc/arm-none-eabi/14.1.0/thumb/v6-m/nofp/crtn.o
                0x08000884                        . = ALIGN (0x4)
                0x08000884                        _etext = .

.vfp11_veneer   0x08000884        0x0
 .vfp11_veneer  0x08000884        0x0 linker stubs

.v4_bx          0x08000884        0x0
 .v4_bx         0x08000884        0x0 linker stubs

.iplt           0x08000884        0x0
 .iplt          0x08000884        0x0 /usr/lib/gcc/arm-none-eabi/14.1.0/thumb/v6-m/nofp/crtbegin.o

.rodata         0x08000884       0x20
                0x08000884                        . = ALIGN (0x4)
 *(.rodata)
 *(.rodata*)
 .rodata.APBPrescTable
                0x08000884       0x20 ./Build/Libraries/CMSIS/Device/PY32F0xx/Source/system_py32f0xx.o
                0x08000884                APBPrescTable
                0x080008a4                        . = ALIGN (0x4)

.rel.dyn        0x080008a4        0x0
 .rel.iplt      0x080008a4        0x0 /usr/lib/gcc/arm-none-eabi/14.1.0/thumb/v6-m/nofp/crtbegin.o

.ARM.extab
 *(.ARM.extab* .gnu.linkonce.armextab.*)

.ARM            0x080008a4        0x0
                0x080008a4                        __exidx_start = .
 *(.ARM.exidx*)
                0x080008a4                        __exidx_end = .

.preinit_array  0x080008a4        0x0
                0x080008a4                        PROVIDE (__preinit_array_start = .)
 *(.preinit_array*)
                0x080008a4                        PROVIDE (__preinit_array_end = .)

.init_array     0x080008a4        0x4
                0x080008a4                        PROVIDE (__init_array_start = .)
 *(SORT_BY_NAME(.init_array.*))
 *(.init_array*)
 .init_array    0x080008a4        0x4 /usr/lib/gcc/arm-none-eabi/14.1.0/thumb/v6-m/nofp/crtbegin.o
                0x080008a8                        PROVIDE (__init_array_end = .)

.fini_array     0x080008a8        0x4
                0x080008a8                        PROVIDE (__fini_array_start = .)
 *(SORT_BY_NAME(.fini_array.*))
 *(.fini_array*)
 .fini_array    0x080008a8        0x4 /usr/lib/gcc/arm-none-eabi/14.1.0/thumb/v6-m/nofp/crtbegin.o
                0x080008ac                        PROVIDE (__fini_array_end = .)
                0x080008ac                        _sidata = LOADADDR (.data)

.data           0x200000c0        0xc load address 0x080008ac
                0x200000c0                        . = ALIGN (0x4)
                0x200000c0                        _sdata = .
 *(.data)
 *(.data*)
 .data.uwTickFreq
                0x200000c0        0x4 ./Build/Libraries/PY32F0xx_HAL_Driver/Src/py32f0xx_hal.o
                0x200000c0                uwTickFreq
 .data.uwTickPrio
                0x200000c4        0x4 ./Build/Libraries/PY32F0xx_HAL_Driver/Src/py32f0xx_hal.o
                0x200000c4                uwTickPrio
 .data.SystemCoreClock
                0x200000c8        0x4 ./Build/Libraries/CMSIS/Device/PY32F0xx/Source/system_py32f0xx.o
                0x200000c8                SystemCoreClock
                0x200000cc                        . = ALIGN (0x4)
                0x200000cc                        _edata = .

.igot.plt       0x200000cc        0x0 load address 0x080008b8
 .igot.plt      0x200000cc        0x0 /usr/lib/gcc/arm-none-eabi/14.1.0/thumb/v6-m/nofp/crtbegin.o
                0x200000cc                        . = ALIGN (0x4)

.bss            0x200000cc       0x6c load address 0x080008b8
                0x200000cc                        _sbss = .
                0x200000cc                        __bss_start__ = _sbss
 *(.bss)
 *(.bss*)
 .bss.completed.1
                0x200000cc        0x1 /usr/lib/gcc/arm-none-eabi/14.1.0/thumb/v6-m/nofp/crtbegin.o
 *fill*         0x200000cd        0x3 
 .bss.object.0  0x200000d0       0x18 /usr/lib/gcc/arm-none-eabi/14.1.0/thumb/v6-m/nofp/crtbegin.o
 .bss.uwTick    0x200000e8        0x4 ./Build/Libraries/PY32F0xx_HAL_Driver/Src/py32f0xx_hal.o
                0x200000e8                uwTick
 .bss.DebugUartHandle
                0x200000ec       0x4c ./Build/Libraries/PY32F0xx_HAL_BSP/Src/py32f0xx_bsp_printf.o
                0x200000ec                DebugUartHandle
 *(COMMON)
                0x20000138                        . = ALIGN (0x4)
                0x20000138                        _ebss = .
                0x20000138                        __bss_end__ = _ebss

._user_heap_stack
                0x20000138      0x600 load address 0x080008b8
                0x20000138                        . = ALIGN (0x8)
                0x20000138                        PROVIDE (end = .)
                [!provide]                        PROVIDE (_end = .)
                0x20000338                        . = (. + _Min_Heap_Size)
 *fill*         0x20000138      0x200 
                0x20000738                        . = (. + _Min_Stack_Size)
 *fill*         0x20000338      0x400 
                0x20000738                        . = ALIGN (0x8)

/DISCARD/
 libc.a(*)
 libm.a(*)
 libgcc.a(*)

.ARM.attributes
                0x00000000       0x28
 *(.ARM.attributes)
 .ARM.attributes
                0x00000000       0x1e /usr/lib/gcc/arm-none-eabi/14.1.0/thumb/v6-m/nofp/crti.o
 .ARM.attributes
                0x0000001e       0x2c /usr/lib/gcc/arm-none-eabi/14.1.0/thumb/v6-m/nofp/crtbegin.o
 .ARM.attributes
                0x0000004a       0x2c /usr/lib/gcc/arm-none-eabi/14.1.0/../../../../arm-none-eabi/lib/thumb/v6-m/nofp/libc_nano.a(libc_a-init.o)
 .ARM.attributes
                0x00000076       0x2c ./Build/User/main.o
 .ARM.attributes
                0x000000a2       0x2c ./Build/User/py32f0xx_hal_msp.o
 .ARM.attributes
                0x000000ce       0x2c ./Build/User/py32f0xx_it.o
 .ARM.attributes
                0x000000fa       0x2c ./Build/Libraries/PY32F0xx_HAL_Driver/Src/py32f0xx_hal.o
 .ARM.attributes
                0x00000126       0x2c ./Build/Libraries/PY32F0xx_HAL_Driver/Src/py32f0xx_hal_cortex.o
 .ARM.attributes
                0x00000152       0x2c ./Build/Libraries/PY32F0xx_HAL_Driver/Src/py32f0xx_hal_gpio.o
 .ARM.attributes
                0x0000017e       0x2c ./Build/Libraries/PY32F0xx_HAL_Driver/Src/py32f0xx_hal_rcc.o
 .ARM.attributes
                0x000001aa       0x2c ./Build/Libraries/PY32F0xx_HAL_Driver/Src/py32f0xx_hal_uart.o
 .ARM.attributes
                0x000001d6       0x2c ./Build/Libraries/PY32F0xx_HAL_BSP/Src/py32f0xx_bsp_printf.o
 .ARM.attributes
                0x00000202       0x2c ./Build/Libraries/CMSIS/Device/PY32F0xx/Source/system_py32f0xx.o
 .ARM.attributes
                0x0000022e       0x22 ./Build/Libraries/CMSIS/Device/PY32F0xx/Source/gcc/startup_py32f030.o
 .ARM.attributes
                0x00000250       0x1e /usr/lib/gcc/arm-none-eabi/14.1.0/thumb/v6-m/nofp/libgcc.a(_udivsi3.o)
 .ARM.attributes
                0x0000026e       0x1e /usr/lib/gcc/arm-none-eabi/14.1.0/thumb/v6-m/nofp/libgcc.a(_dvmd_tls.o)
 .ARM.attributes
                0x0000028c       0x1e /usr/lib/gcc/arm-none-eabi/14.1.0/thumb/v6-m/nofp/crtn.o
OUTPUT(Build/blinky.elf elf32-littlearm)
LOAD linker stubs
LOAD /usr/lib/gcc/arm-none-eabi/14.1.0/../../../../arm-none-eabi/lib/thumb/v6-m/nofp/libc.a
LOAD /usr/lib/gcc/arm-none-eabi/14.1.0/../../../../arm-none-eabi/lib/thumb/v6-m/nofp/libm.a
LOAD /usr/lib/gcc/arm-none-eabi/14.1.0/thumb/v6-m/nofp/libgcc.a

.debug_info     0x00000000     0x5992
 .debug_info    0x00000000      0x10b /usr/lib/gcc/arm-none-eabi/14.1.0/../../../../arm-none-eabi/lib/thumb/v6-m/nofp/libc_nano.a(libc_a-init.o)
 .debug_info    0x0000010b      0x490 ./Build/User/main.o
 .debug_info    0x0000059b       0x8c ./Build/User/py32f0xx_hal_msp.o
 .debug_info    0x00000627       0xf9 ./Build/User/py32f0xx_it.o
 .debug_info    0x00000720      0x801 ./Build/Libraries/PY32F0xx_HAL_Driver/Src/py32f0xx_hal.o
 .debug_info    0x00000f21      0x887 ./Build/Libraries/PY32F0xx_HAL_Driver/Src/py32f0xx_hal_cortex.o
 .debug_info    0x000017a8      0x58a ./Build/Libraries/PY32F0xx_HAL_Driver/Src/py32f0xx_hal_gpio.o
 .debug_info    0x00001d32      0xe24 ./Build/Libraries/PY32F0xx_HAL_Driver/Src/py32f0xx_hal_rcc.o
 .debug_info    0x00002b56     0x198e ./Build/Libraries/PY32F0xx_HAL_Driver/Src/py32f0xx_hal_uart.o
 .debug_info    0x000044e4      0xff7 ./Build/Libraries/PY32F0xx_HAL_BSP/Src/py32f0xx_bsp_printf.o
 .debug_info    0x000054db      0x40c ./Build/Libraries/CMSIS/Device/PY32F0xx/Source/system_py32f0xx.o
 .debug_info    0x000058e7       0x32 ./Build/Libraries/CMSIS/Device/PY32F0xx/Source/gcc/startup_py32f030.o
 .debug_info    0x00005919       0x3d /usr/lib/gcc/arm-none-eabi/14.1.0/thumb/v6-m/nofp/libgcc.a(_udivsi3.o)
 .debug_info    0x00005956       0x3c /usr/lib/gcc/arm-none-eabi/14.1.0/thumb/v6-m/nofp/libgcc.a(_dvmd_tls.o)

.debug_abbrev   0x00000000     0x1416
 .debug_abbrev  0x00000000       0xc9 /usr/lib/gcc/arm-none-eabi/14.1.0/../../../../arm-none-eabi/lib/thumb/v6-m/nofp/libc_nano.a(libc_a-init.o)
 .debug_abbrev  0x000000c9      0x1de ./Build/User/main.o
 .debug_abbrev  0x000002a7       0x46 ./Build/User/py32f0xx_hal_msp.o
 .debug_abbrev  0x000002ed       0x80 ./Build/User/py32f0xx_it.o
 .debug_abbrev  0x0000036d      0x29f ./Build/Libraries/PY32F0xx_HAL_Driver/Src/py32f0xx_hal.o
 .debug_abbrev  0x0000060c      0x2c0 ./Build/Libraries/PY32F0xx_HAL_Driver/Src/py32f0xx_hal_cortex.o
 .debug_abbrev  0x000008cc      0x1ce ./Build/Libraries/PY32F0xx_HAL_Driver/Src/py32f0xx_hal_gpio.o
 .debug_abbrev  0x00000a9a      0x2cf ./Build/Libraries/PY32F0xx_HAL_Driver/Src/py32f0xx_hal_rcc.o
 .debug_abbrev  0x00000d69      0x2a3 ./Build/Libraries/PY32F0xx_HAL_Driver/Src/py32f0xx_hal_uart.o
 .debug_abbrev  0x0000100c      0x263 ./Build/Libraries/PY32F0xx_HAL_BSP/Src/py32f0xx_bsp_printf.o
 .debug_abbrev  0x0000126f      0x135 ./Build/Libraries/CMSIS/Device/PY32F0xx/Source/system_py32f0xx.o
 .debug_abbrev  0x000013a4       0x24 ./Build/Libraries/CMSIS/Device/PY32F0xx/Source/gcc/startup_py32f030.o
 .debug_abbrev  0x000013c8       0x28 /usr/lib/gcc/arm-none-eabi/14.1.0/thumb/v6-m/nofp/libgcc.a(_udivsi3.o)
 .debug_abbrev  0x000013f0       0x26 /usr/lib/gcc/arm-none-eabi/14.1.0/thumb/v6-m/nofp/libgcc.a(_dvmd_tls.o)

.debug_loclists
                0x00000000       0x5b
 .debug_loclists
                0x00000000       0x5b /usr/lib/gcc/arm-none-eabi/14.1.0/../../../../arm-none-eabi/lib/thumb/v6-m/nofp/libc_nano.a(libc_a-init.o)

.debug_aranges  0x00000000      0x5d0
 .debug_aranges
                0x00000000       0x20 /usr/lib/gcc/arm-none-eabi/14.1.0/../../../../arm-none-eabi/lib/thumb/v6-m/nofp/libc_nano.a(libc_a-init.o)
 .debug_aranges
                0x00000020       0x30 ./Build/User/main.o
 .debug_aranges
                0x00000050       0x20 ./Build/User/py32f0xx_hal_msp.o
 .debug_aranges
                0x00000070       0x40 ./Build/User/py32f0xx_it.o
 .debug_aranges
                0x000000b0       0xc8 ./Build/Libraries/PY32F0xx_HAL_Driver/Src/py32f0xx_hal.o
 .debug_aranges
                0x00000178       0x98 ./Build/Libraries/PY32F0xx_HAL_Driver/Src/py32f0xx_hal_cortex.o
 .debug_aranges
                0x00000210       0x58 ./Build/Libraries/PY32F0xx_HAL_Driver/Src/py32f0xx_hal_gpio.o
 .debug_aranges
                0x00000268       0x98 ./Build/Libraries/PY32F0xx_HAL_Driver/Src/py32f0xx_hal_rcc.o
 .debug_aranges
                0x00000300      0x1d0 ./Build/Libraries/PY32F0xx_HAL_Driver/Src/py32f0xx_hal_uart.o
 .debug_aranges
                0x000004d0       0x70 ./Build/Libraries/PY32F0xx_HAL_BSP/Src/py32f0xx_bsp_printf.o
 .debug_aranges
                0x00000540       0x28 ./Build/Libraries/CMSIS/Device/PY32F0xx/Source/system_py32f0xx.o
 .debug_aranges
                0x00000568       0x28 ./Build/Libraries/CMSIS/Device/PY32F0xx/Source/gcc/startup_py32f030.o
 .debug_aranges
                0x00000590       0x20 /usr/lib/gcc/arm-none-eabi/14.1.0/thumb/v6-m/nofp/libgcc.a(_udivsi3.o)
 .debug_aranges
                0x000005b0       0x20 /usr/lib/gcc/arm-none-eabi/14.1.0/thumb/v6-m/nofp/libgcc.a(_dvmd_tls.o)

.debug_rnglists
                0x00000000       0x13
 .debug_rnglists
                0x00000000       0x13 /usr/lib/gcc/arm-none-eabi/14.1.0/../../../../arm-none-eabi/lib/thumb/v6-m/nofp/libc_nano.a(libc_a-init.o)

.debug_line     0x00000000     0x4354
 .debug_line    0x00000000      0x119 /usr/lib/gcc/arm-none-eabi/14.1.0/../../../../arm-none-eabi/lib/thumb/v6-m/nofp/libc_nano.a(libc_a-init.o)
 .debug_line    0x00000119      0x1de ./Build/User/main.o
 .debug_line    0x000002f7       0x4a ./Build/User/py32f0xx_hal_msp.o
 .debug_line    0x00000341       0xd1 ./Build/User/py32f0xx_it.o
 .debug_line    0x00000412      0x4c6 ./Build/Libraries/PY32F0xx_HAL_Driver/Src/py32f0xx_hal.o
 .debug_line    0x000008d8      0x4d7 ./Build/Libraries/PY32F0xx_HAL_Driver/Src/py32f0xx_hal_cortex.o
 .debug_line    0x00000daf      0x614 ./Build/Libraries/PY32F0xx_HAL_Driver/Src/py32f0xx_hal_gpio.o
 .debug_line    0x000013c3      0xeb3 ./Build/Libraries/PY32F0xx_HAL_Driver/Src/py32f0xx_hal_rcc.o
 .debug_line    0x00002276     0x187b ./Build/Libraries/PY32F0xx_HAL_Driver/Src/py32f0xx_hal_uart.o
 .debug_line    0x00003af1      0x4b9 ./Build/Libraries/PY32F0xx_HAL_BSP/Src/py32f0xx_bsp_printf.o
 .debug_line    0x00003faa      0x260 ./Build/Libraries/CMSIS/Device/PY32F0xx/Source/system_py32f0xx.o
 .debug_line    0x0000420a       0x9f ./Build/Libraries/CMSIS/Device/PY32F0xx/Source/gcc/startup_py32f030.o
 .debug_line    0x000042a9       0x61 /usr/lib/gcc/arm-none-eabi/14.1.0/thumb/v6-m/nofp/libgcc.a(_udivsi3.o)
 .debug_line    0x0000430a       0x4a /usr/lib/gcc/arm-none-eabi/14.1.0/thumb/v6-m/nofp/libgcc.a(_dvmd_tls.o)

.debug_str      0x00000000     0x1cac
 .debug_str     0x00000000     0x1cac /usr/lib/gcc/arm-none-eabi/14.1.0/../../../../arm-none-eabi/lib/thumb/v6-m/nofp/libc_nano.a(libc_a-init.o)
                                0x219 (size before relaxing)
 .debug_str     0x00001cac      0x312 ./Build/User/main.o
 .debug_str     0x00001cac      0x150 ./Build/User/py32f0xx_hal_msp.o
 .debug_str     0x00001cac      0x194 ./Build/User/py32f0xx_it.o
 .debug_str     0x00001cac      0x65d ./Build/Libraries/PY32F0xx_HAL_Driver/Src/py32f0xx_hal.o
 .debug_str     0x00001cac      0x599 ./Build/Libraries/PY32F0xx_HAL_Driver/Src/py32f0xx_hal_cortex.o
 .debug_str     0x00001cac      0x36e ./Build/Libraries/PY32F0xx_HAL_Driver/Src/py32f0xx_hal_gpio.o
 .debug_str     0x00001cac      0x6c3 ./Build/Libraries/PY32F0xx_HAL_Driver/Src/py32f0xx_hal_rcc.o
 .debug_str     0x00001cac      0xbce ./Build/Libraries/PY32F0xx_HAL_Driver/Src/py32f0xx_hal_uart.o
 .debug_str     0x00001cac      0xa78 ./Build/Libraries/PY32F0xx_HAL_BSP/Src/py32f0xx_bsp_printf.o
 .debug_str     0x00001cac      0x2c4 ./Build/Libraries/CMSIS/Device/PY32F0xx/Source/system_py32f0xx.o
 .debug_str     0x00001cac       0x74 ./Build/Libraries/CMSIS/Device/PY32F0xx/Source/gcc/startup_py32f030.o
 .debug_str     0x00001cac       0xb9 /usr/lib/gcc/arm-none-eabi/14.1.0/thumb/v6-m/nofp/libgcc.a(_udivsi3.o)
 .debug_str     0x00001cac       0xba /usr/lib/gcc/arm-none-eabi/14.1.0/thumb/v6-m/nofp/libgcc.a(_dvmd_tls.o)

.comment        0x00000000       0x1e
 .comment       0x00000000       0x1e /usr/lib/gcc/arm-none-eabi/14.1.0/../../../../arm-none-eabi/lib/thumb/v6-m/nofp/libc_nano.a(libc_a-init.o)
                                 0x1f (size before relaxing)
 .comment       0x0000001e       0x1f ./Build/User/main.o
 .comment       0x0000001e       0x1f ./Build/User/py32f0xx_hal_msp.o
 .comment       0x0000001e       0x1f ./Build/User/py32f0xx_it.o
 .comment       0x0000001e       0x1f ./Build/Libraries/PY32F0xx_HAL_Driver/Src/py32f0xx_hal.o
 .comment       0x0000001e       0x1f ./Build/Libraries/PY32F0xx_HAL_Driver/Src/py32f0xx_hal_cortex.o
 .comment       0x0000001e       0x1f ./Build/Libraries/PY32F0xx_HAL_Driver/Src/py32f0xx_hal_gpio.o
 .comment       0x0000001e       0x1f ./Build/Libraries/PY32F0xx_HAL_Driver/Src/py32f0xx_hal_rcc.o
 .comment       0x0000001e       0x1f ./Build/Libraries/PY32F0xx_HAL_Driver/Src/py32f0xx_hal_uart.o
 .comment       0x0000001e       0x1f ./Build/Libraries/PY32F0xx_HAL_BSP/Src/py32f0xx_bsp_printf.o
 .comment       0x0000001e       0x1f ./Build/Libraries/CMSIS/Device/PY32F0xx/Source/system_py32f0xx.o

.debug_frame    0x00000000      0xca4
 .debug_frame   0x00000000       0x2c /usr/lib/gcc/arm-none-eabi/14.1.0/../../../../arm-none-eabi/lib/thumb/v6-m/nofp/libc_nano.a(libc_a-init.o)
 .debug_frame   0x0000002c       0x50 ./Build/User/main.o
 .debug_frame   0x0000007c       0x20 ./Build/User/py32f0xx_hal_msp.o
 .debug_frame   0x0000009c       0x68 ./Build/User/py32f0xx_it.o
 .debug_frame   0x00000104      0x19c ./Build/Libraries/PY32F0xx_HAL_Driver/Src/py32f0xx_hal.o
 .debug_frame   0x000002a0      0x144 ./Build/Libraries/PY32F0xx_HAL_Driver/Src/py32f0xx_hal_cortex.o
 .debug_frame   0x000003e4       0xc8 ./Build/Libraries/PY32F0xx_HAL_Driver/Src/py32f0xx_hal_gpio.o
 .debug_frame   0x000004ac      0x168 ./Build/Libraries/PY32F0xx_HAL_Driver/Src/py32f0xx_hal_rcc.o
 .debug_frame   0x00000614      0x518 ./Build/Libraries/PY32F0xx_HAL_Driver/Src/py32f0xx_hal_uart.o
 .debug_frame   0x00000b2c      0x128 ./Build/Libraries/PY32F0xx_HAL_BSP/Src/py32f0xx_bsp_printf.o
 .debug_frame   0x00000c54       0x30 ./Build/Libraries/CMSIS/Device/PY32F0xx/Source/system_py32f0xx.o
 .debug_frame   0x00000c84       0x20 /usr/lib/gcc/arm-none-eabi/14.1.0/thumb/v6-m/nofp/libgcc.a(_udivsi3.o)

.debug_ranges   0x00000000      0x500
 .debug_ranges  0x00000000       0x20 ./Build/User/main.o
 .debug_ranges  0x00000020       0x10 ./Build/User/py32f0xx_hal_msp.o
 .debug_ranges  0x00000030       0x30 ./Build/User/py32f0xx_it.o
 .debug_ranges  0x00000060       0xb8 ./Build/Libraries/PY32F0xx_HAL_Driver/Src/py32f0xx_hal.o
 .debug_ranges  0x00000118       0xa0 ./Build/Libraries/PY32F0xx_HAL_Driver/Src/py32f0xx_hal_cortex.o
 .debug_ranges  0x000001b8       0x48 ./Build/Libraries/PY32F0xx_HAL_Driver/Src/py32f0xx_hal_gpio.o
 .debug_ranges  0x00000200       0xa8 ./Build/Libraries/PY32F0xx_HAL_Driver/Src/py32f0xx_hal_rcc.o
 .debug_ranges  0x000002a8      0x1c0 ./Build/Libraries/PY32F0xx_HAL_Driver/Src/py32f0xx_hal_uart.o
 .debug_ranges  0x00000468       0x60 ./Build/Libraries/PY32F0xx_HAL_BSP/Src/py32f0xx_bsp_printf.o
 .debug_ranges  0x000004c8       0x18 ./Build/Libraries/CMSIS/Device/PY32F0xx/Source/system_py32f0xx.o
 .debug_ranges  0x000004e0       0x20 ./Build/Libraries/CMSIS/Device/PY32F0xx/Source/gcc/startup_py32f030.o

.debug_loc      0x00000000     0x316a
 .debug_loc     0x00000000      0x1c0 ./Build/Libraries/PY32F0xx_HAL_Driver/Src/py32f0xx_hal.o
 .debug_loc     0x000001c0      0x314 ./Build/Libraries/PY32F0xx_HAL_Driver/Src/py32f0xx_hal_cortex.o
 .debug_loc     0x000004d4      0x437 ./Build/Libraries/PY32F0xx_HAL_Driver/Src/py32f0xx_hal_gpio.o
 .debug_loc     0x0000090b      0x782 ./Build/Libraries/PY32F0xx_HAL_Driver/Src/py32f0xx_hal_rcc.o
 .debug_loc     0x0000108d     0x1cb6 ./Build/Libraries/PY32F0xx_HAL_Driver/Src/py32f0xx_hal_uart.o
 .debug_loc     0x00002d43      0x3a7 ./Build/Libraries/PY32F0xx_HAL_BSP/Src/py32f0xx_bsp_printf.o
 .debug_loc     0x000030ea       0x80 ./Build/Libraries/CMSIS/Device/PY32F0xx/Source/system_py32f0xx.o

.debug_line_str
                0x00000000       0x92
 .debug_line_str
                0x00000000       0x92 /usr/lib/gcc/arm-none-eabi/14.1.0/thumb/v6-m/nofp/libgcc.a(_udivsi3.o)
 .debug_line_str
                0x00000092       0x92 /usr/lib/gcc/arm-none-eabi/14.1.0/thumb/v6-m/nofp/libgcc.a(_dvmd_tls.o)
